// Jest Snapshot v1, https://goo.gl/fbAQLP

exports[`<TodoList /> should match snapshot 1`] = `
.c8 {
  outline: none;
  cursor: pointer;
  border: none;
  font-weight: 700;
  padding: 8px 16px;
  border-radius: 6px;
  background-color: #e0e1e2;
  color: rgba(0,0,0,0.6);
}

.c8:hover,
.c8:focus {
  background-color: #cacbcd;
  color: rgba(0,0,0,0.8);
}

.c8:active {
  background-color: #babbbc;
  color: rgba(0,0,0,0.9);
}

.c2 {
  position: relative;
  min-width: 24px;
  min-height: 24px;
}

.c2::before {
  content: '';
  position: absolute;
  z-index: -1;
  box-sizing: border-box;
  width: 24px;
  height: 24px;
  border-radius: 4px;
  border: 1px solid #2185d0;
}

.c5 {
  width: 24px;
  color: #2185d0;
  position: absolute;
  z-index: -1;
}

.c3 {
  position: absolute;
  opacity: 0;
  width: 24px;
  height: 24px;
  margin: 0;
}

.c3 ~ .c4 {
  display: none;
}

.c3:checked ~ .c4 {
  display: block;
}

.c6 {
  padding-left: 36px;
  line-height: 24px;
}

.c1 {
  display: -webkit-box;
  display: -webkit-flex;
  display: -ms-flexbox;
  display: flex;
  -webkit-align-items: center;
  -webkit-box-align: center;
  -ms-flex-align: center;
  align-items: center;
}

.c1:not(:last-child) {
  margin-bottom: 8px;
}

.c7 {
  -webkit-flex: 1;
  -ms-flex: 1;
  flex: 1;
  white-space: nowrap;
  overflow: hidden;
  text-overflow: ellipsis;
}

.c0 {
  padding: 24px 0;
}

<div
  class="c0"
>
  <div
    class="c1"
  >
    <div
      class="c2"
    >
      <input
        class="c3"
        id="1"
        type="checkbox"
      />
      <svg
        class="c4 c5"
      >
        check.svg
      </svg>
      <label
        class="c6"
        for="1"
      />
    </div>
    <div
      class="c7"
    >
      test
    </div>
    <button
      class="c8"
    >
      x
    </button>
  </div>
</div>
`;
