// Jest Snapshot v1, https://goo.gl/fbAQLP

exports[`ToDo should match a snapshot 1`] = `ShallowWrapper {}`;
