// Jest Snapshot v1, https://goo.gl/fbAQLP

exports[`render ToDoPage match snapshot 1`] = `ReactWrapper {}`;
